// Jest Snapshot v1, https://goo.gl/fbAQLP

exports[`lint snapshot 1`] = `
Array [
  "vkBase: colors.colorWriteBarInputBorderAlpha error: Color token type mismatch: alpha token name but opaque value",
  "octavius: colors.colorPaletteOrange2 error: Color token type mismatch: opaque token name but alpha value",
  "octavius: colors.colorPaletteGreen5 error: Color token type mismatch: opaque token name but alpha value",
  "octavius: colors.colorPaletteGreen6 error: Color token type mismatch: opaque token name but alpha value",
  "octavius: colors.colorPaletteBlue4 error: Color token type mismatch: opaque token name but alpha value",
  "octaviusDark: colors.colorPaletteOrange2 error: Color token type mismatch: opaque token name but alpha value",
  "octaviusDark: colors.colorPaletteGreen5 error: Color token type mismatch: opaque token name but alpha value",
  "octaviusDark: colors.colorPaletteGreen6 error: Color token type mismatch: opaque token name but alpha value",
  "octaviusDark: colors.colorPaletteBlue4 error: Color token type mismatch: opaque token name but alpha value",
  "octaviusDark: colors.octaviusColorListLetterSeparator error: Color token type mismatch: opaque token name but alpha value",
  "octaviusDark: colors.octaviusColorLayoutBorder error: Color token type mismatch: opaque token name but alpha value",
  "octaviusDark: colors.octaviusColorLayoutLetterBorder error: Color token type mismatch: opaque token name but alpha value",
  "octaviusCompact: colors.colorPaletteOrange2 error: Color token type mismatch: opaque token name but alpha value",
  "octaviusCompact: colors.colorPaletteGreen5 error: Color token type mismatch: opaque token name but alpha value",
  "octaviusCompact: colors.colorPaletteGreen6 error: Color token type mismatch: opaque token name but alpha value",
  "octaviusCompact: colors.colorPaletteBlue4 error: Color token type mismatch: opaque token name but alpha value",
  "octaviusCompactDark: colors.colorPaletteOrange2 error: Color token type mismatch: opaque token name but alpha value",
  "octaviusCompactDark: colors.colorPaletteGreen5 error: Color token type mismatch: opaque token name but alpha value",
  "octaviusCompactDark: colors.colorPaletteGreen6 error: Color token type mismatch: opaque token name but alpha value",
  "octaviusCompactDark: colors.colorPaletteBlue4 error: Color token type mismatch: opaque token name but alpha value",
  "octaviusCompactDark: colors.octaviusColorListLetterSeparator error: Color token type mismatch: opaque token name but alpha value",
  "octaviusCompactDark: colors.octaviusColorLayoutBorder error: Color token type mismatch: opaque token name but alpha value",
  "octaviusCompactDark: colors.octaviusColorLayoutLetterBorder error: Color token type mismatch: opaque token name but alpha value",
  "octaviusVK: colors.colorWriteBarInputBorderAlpha error: Color token type mismatch: alpha token name but opaque value",
  "octaviusVK: colors.colorPaletteOrange2 error: Color token type mismatch: opaque token name but alpha value",
  "octaviusVK: colors.colorPaletteGreen5 error: Color token type mismatch: opaque token name but alpha value",
  "octaviusVK: colors.colorPaletteGreen6 error: Color token type mismatch: opaque token name but alpha value",
  "octaviusVK: colors.colorPaletteBlue4 error: Color token type mismatch: opaque token name but alpha value",
  "octaviusVK: colors.octaviusColorHeaderSearchBackground error: Color token type mismatch: opaque token name but alpha value",
  "octaviusVK: colors.octaviusColorHeaderSearchBackgroundCollapsed error: Color token type mismatch: opaque token name but alpha value",
  "octaviusVK: colors.octaviusColorHeaderFilterTextAlpha error: Color token type mismatch: alpha token name but opaque value",
  "octaviusVK: colors.octaviusColorSidebarCounterBackgroundAlpha error: Color token type mismatch: alpha token name but opaque value",
  "octaviusVK: colors.octaviusColorSidebarItemTextSecondaryAlpha error: Color token type mismatch: alpha token name but opaque value",
  "octaviusVK: colors.octaviusColorContentScrollbarAlpha error: Color token type mismatch: alpha token name but opaque value",
  "octaviusVKDark: colors.colorThumbErrorBackgroundAlpha error: Color token type mismatch: alpha token name but opaque value",
  "octaviusVKDark: colors.colorPaletteOrange2 error: Color token type mismatch: opaque token name but alpha value",
  "octaviusVKDark: colors.colorPaletteGreen5 error: Color token type mismatch: opaque token name but alpha value",
  "octaviusVKDark: colors.colorPaletteGreen6 error: Color token type mismatch: opaque token name but alpha value",
  "octaviusVKDark: colors.colorPaletteBlue4 error: Color token type mismatch: opaque token name but alpha value",
  "octaviusVKDark: colors.octaviusColorHeaderSearchChipBackground error: Color token type mismatch: opaque token name but alpha value",
  "octaviusVKDark: colors.octaviusColorHeaderSearchBackground error: Color token type mismatch: opaque token name but alpha value",
  "octaviusVKDark: colors.octaviusColorHeaderSearchBackgroundCollapsed error: Color token type mismatch: opaque token name but alpha value",
  "octaviusVKDark: colors.octaviusColorSidebarCounterBackgroundAlpha error: Color token type mismatch: alpha token name but opaque value",
  "octaviusVKDark: colors.octaviusColorSidebarItemIconSecondaryAlpha error: Color token type mismatch: alpha token name but opaque value",
  "octaviusVKDark: colors.octaviusColorSidebarItemTextSecondaryAlpha error: Color token type mismatch: alpha token name but opaque value",
  "octaviusVKDark: colors.octaviusColorLayoutBorder error: Color token type mismatch: opaque token name but alpha value",
  "octaviusVKDark: colors.octaviusColorLayoutLetterBorder error: Color token type mismatch: opaque token name but alpha value",
  "calendarDark: colors.colorTextPrimary error: Color token type mismatch: opaque token name but alpha value",
  "calendarDark: colors.colorTextSecondary error: Color token type mismatch: opaque token name but alpha value",
  "octaviusWhite: colors.colorPaletteOrange2 error: Color token type mismatch: opaque token name but alpha value",
  "octaviusWhite: colors.colorPaletteGreen5 error: Color token type mismatch: opaque token name but alpha value",
  "octaviusWhite: colors.colorPaletteGreen6 error: Color token type mismatch: opaque token name but alpha value",
  "octaviusWhite: colors.colorPaletteBlue4 error: Color token type mismatch: opaque token name but alpha value",
  "octaviusWhite: colors.octaviusColorHeaderButtonBackgroundAlpha error: Color token type mismatch: alpha token name but opaque value",
  "octaviusWhite: colors.octaviusColorHeaderSearchChipBorderEditableAlpha error: Color token type mismatch: alpha token name but opaque value",
  "octaviusWhite: colors.octaviusColorHeaderFilterTextAlpha error: Color token type mismatch: alpha token name but opaque value",
  "otvetDark: colors.colorTextPrimary error: Color token type mismatch: opaque token name but alpha value",
  "otvetDark: colors.colorTextSecondary error: Color token type mismatch: opaque token name but alpha value",
]
`;
